<UciProtocol (pid=134472)>: stderr >>        _
<UciProtocol (pid=134472)>: stderr >> |   _ | |
<UciProtocol (pid=134472)>: stderr >> |_ |_ |_| v0.30.0 built Jul 21 2023
Initializing LC0 processor with cuda-fp16 backend...
Starting LC0: C:\Users\micha\Personal\Coding\chess-clone\lc0\lc0.exe
Weights: 791556.pb.gz
LC0 initialized: bd279773123f
Backend: cuda-fp16
Minibatch size: 256
Parquet output: output\parquet\lc0\lc0\bd279773123f
Processor ready:
  Engine: lc0-bd279773123f
  SQLite: enabled (chessv2.db)
  Parquet: enabled

======================================================================
Processing lichess_db_standard_rated_2025-01.pgn with LC0
Engine: lc0 bd279773123f
======================================================================
Traceback (most recent call last):
  File "C:\Users\micha\Personal\School\DEng\dissertation\mutation\ChessGameProcessor\lc0_processor_with_parquet.py", line 535, in <module>
    results = processor.process_pgn_file(args.pgn_file, max_games=args.max_games)
              ^^^^^^^^^^^^^^^^^^^^^^^^^^^^^^^^^^^^^^^^^^^^^^^^^^^^^^^^^^^^^^^^^^^
  File "C:\Users\micha\Personal\School\DEng\dissertation\mutation\ChessGameProcessor\lc0_processor_with_parquet.py", line 187, in process_pgn_file
    if self.deduplicator.is_game_processed(game_id):
       ^^^^^^^^^^^^^^^^^^^^^^^^^^^^^^^^^^^
AttributeError: 'GameDeduplicator' object has no attribute 'is_game_processed'. Did you mean: 'mark_game_processed'?
